../Core/Inc/bib.h:103:6:InitFunction	24	static
../Core/Inc/bib.h:169:6:PositionIncrement	16	static
../Core/Inc/bib.h:173:6:VelocityCalculation	24	static
../Core/Inc/bib.h:226:6:EncoderVelocity	32	static
../Core/Inc/bib.h:248:6:MotorState	16	static
../Core/Inc/bib.h:273:6:PID	40	static
../Core/Inc/bib.h:299:6:SpeedRamp	24	static
../Core/Inc/bib.h:334:5:ReadInfoFromUart	32	static
../Core/Src/main.c:102:5:main	16	static
../Core/Src/main.c:190:6:SystemClock_Config	80	static
../Core/Src/main.c:232:13:MX_NVIC_Init	8	static
../Core/Src/main.c:261:6:HAL_GPIO_EXTI_Callback	16	static
../Core/Src/main.c:280:6:HAL_TIM_PeriodElapsedCallback	256	static
../Core/Src/main.c:328:6:HAL_UART_RxCpltCallback	24	static
../Core/Src/main.c:346:6:Error_Handler	4	static,ignoring_inline_asm
